// Jest Snapshot v1, https://goo.gl/fbAQLP

exports[`Doctor Profile Component renders Doctor Profile component 1`] = `
<div>
  <div>
    Loading...
  </div>
</div>
`;
