// Jest Snapshot v1, https://goo.gl/fbAQLP

exports[`Hompage should render correctly tests the Homepage 1`] = `
<div>
  <section
    class="home"
  >
    <div
      class="mobile-nav"
    >
      <span
        role="button"
        tabindex="0"
      >
        <svg
          class="bars"
          fill="currentColor"
          height="1em"
          stroke="currentColor"
          stroke-width="0"
          viewBox="0 0 16 16"
          width="1em"
          xmlns="http://www.w3.org/2000/svg"
        >
          <path
            d="M2.5 12a.5.5 0 0 1 .5-.5h10a.5.5 0 0 1 0 1H3a.5.5 0 0 1-.5-.5zm0-4a.5.5 0 0 1 .5-.5h10a.5.5 0 0 1 0 1H3a.5.5 0 0 1-.5-.5zm0-4a.5.5 0 0 1 .5-.5h10a.5.5 0 0 1 0 1H3a.5.5 0 0 1-.5-.5z"
            fill-rule="evenodd"
          />
        </svg>
      </span>
    </div>
    <div
      class="hide"
      id="header"
      role="button"
      tabindex="0"
    >
      <div
        class="nav-panel"
      >
        <div
          class="logo-container"
        >
          <img
            alt="logo"
            class="logo"
            height="150"
            src="Medimate-logo.png"
            width="150"
          />
        </div>
        <ul>
          <li
            style="color: white;"
          >
            <a
              class="text-white"
              href="/"
            >
              Doctors
            </a>
          </li>
          <li>
            <a
              class=""
              href="/reserve"
            >
              Reserve
            </a>
          </li>
          <li>
            <a
              class=""
              href="/reservations"
            >
              Reservations
            </a>
          </li>
          <li>
            <a
              class=""
              href="/add"
            >
              Add Doctor
            </a>
          </li>
          <li>
            <a
              class=""
              href="/delete"
            >
              Delete Doctor
            </a>
          </li>
          <li>
            <button
              class="sign-out"
              type="button"
            >
              SIGN OUT
            </button>
          </li>
        </ul>
      </div>
      <footer
        class="footer"
      >
        <div>
          <a
            href="https://twitter.com"
            rel="noopener noreferrer"
            target="_blank"
          >
            <svg
              fill="currentColor"
              height="1em"
              stroke="currentColor"
              stroke-width="0"
              viewBox="0 0 16 16"
              width="1em"
              xmlns="http://www.w3.org/2000/svg"
            >
              <path
                d="M5.026 15c6.038 0 9.341-5.003 9.341-9.334 0-.14 0-.282-.006-.422A6.685 6.685 0 0 0 16 3.542a6.658 6.658 0 0 1-1.889.518 3.301 3.301 0 0 0 1.447-1.817 6.533 6.533 0 0 1-2.087.793A3.286 3.286 0 0 0 7.875 6.03a9.325 9.325 0 0 1-6.767-3.429 3.289 3.289 0 0 0 1.018 4.382A3.323 3.323 0 0 1 .64 6.575v.045a3.288 3.288 0 0 0 2.632 3.218 3.203 3.203 0 0 1-.865.115 3.23 3.23 0 0 1-.614-.057 3.283 3.283 0 0 0 3.067 2.277A6.588 6.588 0 0 1 .78 13.58a6.32 6.32 0 0 1-.78-.045A9.344 9.344 0 0 0 5.026 15z"
              />
            </svg>
          </a>
          <a
            href="https://www.facebook.com"
            rel="noopener noreferrer"
            target="_blank"
          >
            <svg
              fill="currentColor"
              height="1em"
              stroke="currentColor"
              stroke-width="0"
              viewBox="0 0 16 16"
              width="1em"
              xmlns="http://www.w3.org/2000/svg"
            >
              <path
                d="M16 8.049c0-4.446-3.582-8.05-8-8.05C3.58 0-.002 3.603-.002 8.05c0 4.017 2.926 7.347 6.75 7.951v-5.625h-2.03V8.05H6.75V6.275c0-2.017 1.195-3.131 3.022-3.131.876 0 1.791.157 1.791.157v1.98h-1.009c-.993 0-1.303.621-1.303 1.258v1.51h2.218l-.354 2.326H9.25V16c3.824-.604 6.75-3.934 6.75-7.951z"
              />
            </svg>
          </a>
          <a
            href="https://plus.google.com"
            rel="noopener noreferrer"
            target="_blank"
          >
            <svg
              fill="currentColor"
              height="1em"
              stroke="currentColor"
              stroke-width="0"
              viewBox="0 0 24 24"
              width="1em"
              xmlns="http://www.w3.org/2000/svg"
            >
              <path
                d="M19.545 15.025v-2.421h2.422v-1.815h-2.422V8.368H17.73v2.421h-2.421v1.815h2.421v2.421zM8.052 8.302c1.133 0 1.896.484 2.33.896l1.722-1.67c-1.048-.98-2.415-1.58-4.052-1.58C4.714 5.947 2 8.659 2 12s2.714 6.053 6.052 6.053c3.493 0 5.812-2.457 5.812-5.913 0-.503-.064-.86-.153-1.24H8.049v2.256h3.332c-.158.951-1.011 2.556-3.329 2.556-2.003 0-3.637-1.665-3.637-3.704 0-2.042 1.634-3.706 3.637-3.706z"
              />
            </svg>
          </a>
          <a
            href="https://vimeo.com"
            rel="noopener noreferrer"
            target="_blank"
          >
            <svg
              fill="currentColor"
              height="1em"
              stroke="currentColor"
              stroke-width="0"
              viewBox="0 0 16 16"
              width="1em"
              xmlns="http://www.w3.org/2000/svg"
            >
              <path
                d="M15.992 4.204c-.071 1.556-1.158 3.687-3.262 6.393-2.175 2.829-4.016 4.243-5.522 4.243-.933 0-1.722-.861-2.367-2.583L3.55 7.523C3.07 5.8 2.556 4.94 2.007 4.94c-.118 0-.537.253-1.254.754L0 4.724a209.56 209.56 0 0 0 2.334-2.081c1.054-.91 1.845-1.388 2.373-1.437 1.243-.123 2.01.728 2.298 2.553.31 1.968.526 3.19.646 3.666.36 1.631.756 2.446 1.186 2.445.334 0 .836-.53 1.508-1.587.671-1.058 1.03-1.863 1.077-2.415.096-.913-.263-1.37-1.077-1.37a3.022 3.022 0 0 0-1.185.261c.789-2.573 2.291-3.825 4.508-3.756 1.644.05 2.419 1.117 2.324 3.2z"
              />
            </svg>
          </a>
          <a
            href="https://www.pinterest.com"
            rel="noopener noreferrer"
            target="_blank"
          >
            <svg
              fill="currentColor"
              height="1em"
              stroke="currentColor"
              stroke-width="0"
              viewBox="0 0 16 16"
              width="1em"
              xmlns="http://www.w3.org/2000/svg"
            >
              <path
                d="M8 0a8 8 0 0 0-2.915 15.452c-.07-.633-.134-1.606.027-2.297.146-.625.938-3.977.938-3.977s-.239-.479-.239-1.187c0-1.113.645-1.943 1.448-1.943.682 0 1.012.512 1.012 1.127 0 .686-.437 1.712-.663 2.663-.188.796.4 1.446 1.185 1.446 1.422 0 2.515-1.5 2.515-3.664 0-1.915-1.377-3.254-3.342-3.254-2.276 0-3.612 1.707-3.612 3.471 0 .688.265 1.425.595 1.826a.24.24 0 0 1 .056.23c-.061.252-.196.796-.222.907-.035.146-.116.177-.268.107-1-.465-1.624-1.926-1.624-3.1 0-2.523 1.834-4.84 5.286-4.84 2.775 0 4.932 1.977 4.932 4.62 0 2.757-1.739 4.976-4.151 4.976-.811 0-1.573-.421-1.834-.919l-.498 1.902c-.181.695-.669 1.566-.995 2.097A8 8 0 1 0 8 0z"
              />
            </svg>
          </a>
        </div>
        <p>
          Â© 1989 Medimate - All Rights Reserved
        </p>
      </footer>
      <div
        class="mobile close"
        role="button"
        tabindex="0"
      >
        <i
          class="fa fa-solid fa-xmark"
        />
      </div>
    </div>
    <h3
      class="no-doctors"
    >
      YOU HAVE NOT ADDED ANY DOCTORS YET...
    </h3>
  </section>
</div>
`;
