// Jest Snapshot v1, https://goo.gl/fbAQLP

exports[`Login component Should render the component correctly 1`] = `
<div>
  <div
    class="reservation-container"
  >
    <h1
      class="reserve-form-header"
    >
      Sign In with Email and Password
    </h1>
    <form
      class="reservation-form"
    >
      <div
        class="form-group"
      >
        <input
          name="email"
          placeholder="Email"
          required=""
          type="email"
          value=""
        />
      </div>
      <div
        class="form-group"
      >
        <input
          name="password"
          placeholder="Password"
          required=""
          type="password"
          value=""
        />
      </div>
       
      <button
        class="submit-button"
        type="submit"
      >
        Log In
      </button>
    </form>
  </div>
</div>
`;
