// Jest Snapshot v1, https://goo.gl/fbAQLP

exports[`Sign up component Should render the component correctly 1`] = `
<div>
  <div
    class="reservation-container"
  >
    <h1
      class="reserve-form-header"
    >
      Sign Up
    </h1>
    <form
      class="reservation-form"
    >
      <div
        class="form-group"
      >
        <input
          name="username"
          placeholder="Name"
          type="text"
          value=""
        />
      </div>
      <div
        class="form-group"
      >
        <input
          name="email"
          placeholder="Email"
          type="email"
          value=""
        />
      </div>
      <div
        class="form-group"
      >
        <input
          name="password"
          placeholder="Password"
          type="password"
          value=""
        />
      </div>
      <div
        class="form-group"
      >
        <input
          name="password_confirmation"
          placeholder="Confirm Password"
          type="password"
          value=""
        />
      </div>
      <button
        class="submit-button"
        type="submit"
      >
        Sign Up
      </button>
    </form>
  </div>
</div>
`;
